###############################################################################
#
# IAR ELF Linker V7.50.2.10312/W32 for ARM                03/Dec/2017  00:35:46
# Copyright 2007-2015 IAR Systems AB.
#
#    Output file  =  D:\WORK\stm32work\BrewStar\EWARM\BrewStar\Exe\BrewStar.out
#    Map file     =  
#        D:\WORK\stm32work\BrewStar\EWARM\BrewStar\List\BrewStar.map
#    Command line =  
#        D:\WORK\stm32work\BrewStar\EWARM\BrewStar\Obj\adc.o
#        D:\WORK\stm32work\BrewStar\EWARM\BrewStar\Obj\dma.o
#        D:\WORK\stm32work\BrewStar\EWARM\BrewStar\Obj\gpio.o
#        D:\WORK\stm32work\BrewStar\EWARM\BrewStar\Obj\main.o
#        D:\WORK\stm32work\BrewStar\EWARM\BrewStar\Obj\startup_stm32f407xx.o
#        D:\WORK\stm32work\BrewStar\EWARM\BrewStar\Obj\stm32f4xx_hal.o
#        D:\WORK\stm32work\BrewStar\EWARM\BrewStar\Obj\stm32f4xx_hal_adc.o
#        D:\WORK\stm32work\BrewStar\EWARM\BrewStar\Obj\stm32f4xx_hal_adc_ex.o
#        D:\WORK\stm32work\BrewStar\EWARM\BrewStar\Obj\stm32f4xx_hal_cortex.o
#        D:\WORK\stm32work\BrewStar\EWARM\BrewStar\Obj\stm32f4xx_hal_dma.o
#        D:\WORK\stm32work\BrewStar\EWARM\BrewStar\Obj\stm32f4xx_hal_dma_ex.o
#        D:\WORK\stm32work\BrewStar\EWARM\BrewStar\Obj\stm32f4xx_hal_flash.o
#        D:\WORK\stm32work\BrewStar\EWARM\BrewStar\Obj\stm32f4xx_hal_flash_ex.o
#        D:\WORK\stm32work\BrewStar\EWARM\BrewStar\Obj\stm32f4xx_hal_flash_ramfunc.o
#        D:\WORK\stm32work\BrewStar\EWARM\BrewStar\Obj\stm32f4xx_hal_gpio.o
#        D:\WORK\stm32work\BrewStar\EWARM\BrewStar\Obj\stm32f4xx_hal_msp.o
#        D:\WORK\stm32work\BrewStar\EWARM\BrewStar\Obj\stm32f4xx_hal_pwr.o
#        D:\WORK\stm32work\BrewStar\EWARM\BrewStar\Obj\stm32f4xx_hal_pwr_ex.o
#        D:\WORK\stm32work\BrewStar\EWARM\BrewStar\Obj\stm32f4xx_hal_rcc.o
#        D:\WORK\stm32work\BrewStar\EWARM\BrewStar\Obj\stm32f4xx_hal_rcc_ex.o
#        D:\WORK\stm32work\BrewStar\EWARM\BrewStar\Obj\stm32f4xx_hal_tim.o
#        D:\WORK\stm32work\BrewStar\EWARM\BrewStar\Obj\stm32f4xx_hal_tim_ex.o
#        D:\WORK\stm32work\BrewStar\EWARM\BrewStar\Obj\stm32f4xx_it.o
#        D:\WORK\stm32work\BrewStar\EWARM\BrewStar\Obj\system_stm32f4xx.o
#        D:\WORK\stm32work\BrewStar\EWARM\BrewStar\Obj\tim.o --redirect
#        _Printf=_PrintfFull --redirect _Scanf=_ScanfFull -o
#        D:\WORK\stm32work\BrewStar\EWARM\BrewStar\Exe\BrewStar.out --map
#        D:\WORK\stm32work\BrewStar\EWARM\BrewStar\List\BrewStar.map --config
#        D:\WORK\stm32work\BrewStar\EWARM/stm32f407xx_flash.icf --semihosting
#        --entry __iar_program_start --vfe
#
###############################################################################

*******************************************************************************
*** RUNTIME MODEL ATTRIBUTES
***

CppFlavor       = *
__SystemLibrary = DLib


*******************************************************************************
*** PLACEMENT SUMMARY
***

"A1":  place at 0x08000000 { ro section .intvec };
"P1":  place in [from 0x08000000 to 0x080fffff] { ro };
"P2":  place in [from 0x20000000 to 0x2001ffff] { rw, block CSTACK, block HEAP };

  Section            Kind        Address    Size  Object
  -------            ----        -------    ----  ------
"A1":                                      0x188
  .intvec            ro code  0x08000000   0x188  startup_stm32f407xx.o [1]
                            - 0x08000188   0x188

"P1":                                     0x1f30
  .text              ro code  0x08000188   0x4cc  stm32f4xx_hal_tim.o [1]
  .text              ro code  0x08000654   0x1e4  tim.o [1]
  .text              ro code  0x08000838    0xa8  stm32f4xx_hal_tim_ex.o [1]
  .text              ro code  0x080008e0   0x146  main.o [1]
  .text              ro code  0x08000a28   0x206  stm32f4xx_hal_gpio.o [1]
  .text              ro code  0x08000c30   0x36c  stm32f4xx_hal_dma.o [1]
  .text              ro code  0x08000f9c    0x90  stm32f4xx_hal.o [1]
  .text              ro code  0x0800102c   0x14e  gpio.o [1]
  .text              ro code  0x0800117c    0x44  dma.o [1]
  .text              ro code  0x080011c0   0x15c  adc.o [1]
  .text              ro code  0x0800131c   0x42e  stm32f4xx_hal_adc.o [1]
  .text              ro code  0x0800174c   0x40c  stm32f4xx_hal_rcc.o [1]
  .text              ro code  0x08001b58    0xe2  stm32f4xx_hal_cortex.o [1]
  .text              ro code  0x08001c3a    0x60  stm32f4xx_hal_msp.o [1]
  .text              ro code  0x08001c9c    0xee  I64DivMod.o [5]
  .text              ro code  0x08001d8c     0x2  I64DivZer.o [5]
  .text              ro code  0x08001d90    0x60  system_stm32f4xx.o [1]
  .text              ro code  0x08001df0    0x40  zero_init3.o [5]
  .text              ro code  0x08001e30    0x2c  copy_init3.o [5]
  .text              ro code  0x08001e5c    0x28  stm32f4xx_it.o [1]
  .text              ro code  0x08001e84    0x28  data_init.o [5]
  .text              ro code  0x08001eac    0x22  fpinit_M.o [4]
  .iar.init_table    const    0x08001ed0    0x24  - Linker created -
  .text              ro code  0x08001ef4    0x1a  cmain.o [5]
  .text              ro code  0x08001f0e     0x4  low_level_init.o [3]
  .text              ro code  0x08001f12     0x4  exit.o [3]
  .text              ro code  0x08001f18     0xa  cexit.o [5]
  .text              ro code  0x08001f24    0x14  exit.o [6]
  .text              ro code  0x08001f38    0x10  startup_stm32f407xx.o [1]
  .text              ro code  0x08001f48     0xc  cstartup_M.o [5]
  Initializer bytes  const    0x08001f54     0xc  <for P2-1>
  .text              ro code  0x08001f60     0x4  startup_stm32f407xx.o [1]
  .text              ro code  0x08001f64     0x4  startup_stm32f407xx.o [1]
  .text              ro code  0x08001f68     0x4  startup_stm32f407xx.o [1]
  .text              ro code  0x08001f6c     0x4  startup_stm32f407xx.o [1]
  .text              ro code  0x08001f70     0x4  startup_stm32f407xx.o [1]
  .text              ro code  0x08001f74     0x4  startup_stm32f407xx.o [1]
  .text              ro code  0x08001f78     0x4  startup_stm32f407xx.o [1]
  .text              ro code  0x08001f7c     0x4  startup_stm32f407xx.o [1]
  .text              ro code  0x08001f80     0x4  startup_stm32f407xx.o [1]
  .text              ro code  0x08001f84     0x4  startup_stm32f407xx.o [1]
  .text              ro code  0x08001f88     0x4  startup_stm32f407xx.o [1]
  .text              ro code  0x08001f8c     0x4  startup_stm32f407xx.o [1]
  .text              ro code  0x08001f90     0x4  startup_stm32f407xx.o [1]
  .text              ro code  0x08001f94     0x4  startup_stm32f407xx.o [1]
  .text              ro code  0x08001f98     0x4  startup_stm32f407xx.o [1]
  .text              ro code  0x08001f9c     0x4  startup_stm32f407xx.o [1]
  .text              ro code  0x08001fa0     0x4  startup_stm32f407xx.o [1]
  .text              ro code  0x08001fa4     0x4  startup_stm32f407xx.o [1]
  .text              ro code  0x08001fa8     0x4  startup_stm32f407xx.o [1]
  .text              ro code  0x08001fac     0x4  startup_stm32f407xx.o [1]
  .text              ro code  0x08001fb0     0x4  startup_stm32f407xx.o [1]
  .text              ro code  0x08001fb4     0x4  startup_stm32f407xx.o [1]
  .text              ro code  0x08001fb8     0x4  startup_stm32f407xx.o [1]
  .text              ro code  0x08001fbc     0x4  startup_stm32f407xx.o [1]
  .text              ro code  0x08001fc0     0x4  startup_stm32f407xx.o [1]
  .text              ro code  0x08001fc4     0x4  startup_stm32f407xx.o [1]
  .text              ro code  0x08001fc8     0x4  startup_stm32f407xx.o [1]
  .text              ro code  0x08001fcc     0x4  startup_stm32f407xx.o [1]
  .text              ro code  0x08001fd0     0x4  startup_stm32f407xx.o [1]
  .text              ro code  0x08001fd4     0x4  startup_stm32f407xx.o [1]
  .text              ro code  0x08001fd8     0x4  startup_stm32f407xx.o [1]
  .text              ro code  0x08001fdc     0x4  startup_stm32f407xx.o [1]
  .text              ro code  0x08001fe0     0x4  startup_stm32f407xx.o [1]
  .text              ro code  0x08001fe4     0x4  startup_stm32f407xx.o [1]
  .text              ro code  0x08001fe8     0x4  startup_stm32f407xx.o [1]
  .text              ro code  0x08001fec     0x4  startup_stm32f407xx.o [1]
  .text              ro code  0x08001ff0     0x4  startup_stm32f407xx.o [1]
  .text              ro code  0x08001ff4     0x4  startup_stm32f407xx.o [1]
  .text              ro code  0x08001ff8     0x4  startup_stm32f407xx.o [1]
  .text              ro code  0x08001ffc     0x4  startup_stm32f407xx.o [1]
  .text              ro code  0x08002000     0x4  startup_stm32f407xx.o [1]
  .text              ro code  0x08002004     0x4  startup_stm32f407xx.o [1]
  .text              ro code  0x08002008     0x4  startup_stm32f407xx.o [1]
  .text              ro code  0x0800200c     0x4  startup_stm32f407xx.o [1]
  .text              ro code  0x08002010     0x4  startup_stm32f407xx.o [1]
  .text              ro code  0x08002014     0x4  startup_stm32f407xx.o [1]
  .text              ro code  0x08002018     0x4  startup_stm32f407xx.o [1]
  .text              ro code  0x0800201c     0x4  startup_stm32f407xx.o [1]
  .text              ro code  0x08002020     0x4  startup_stm32f407xx.o [1]
  .text              ro code  0x08002024     0x4  startup_stm32f407xx.o [1]
  .text              ro code  0x08002028     0x4  startup_stm32f407xx.o [1]
  .text              ro code  0x0800202c     0x4  startup_stm32f407xx.o [1]
  .text              ro code  0x08002030     0x4  startup_stm32f407xx.o [1]
  .text              ro code  0x08002034     0x4  startup_stm32f407xx.o [1]
  .text              ro code  0x08002038     0x4  startup_stm32f407xx.o [1]
  .text              ro code  0x0800203c     0x4  startup_stm32f407xx.o [1]
  .text              ro code  0x08002040     0x4  startup_stm32f407xx.o [1]
  .text              ro code  0x08002044     0x4  startup_stm32f407xx.o [1]
  .text              ro code  0x08002048     0x4  startup_stm32f407xx.o [1]
  .text              ro code  0x0800204c     0x4  startup_stm32f407xx.o [1]
  .text              ro code  0x08002050     0x4  startup_stm32f407xx.o [1]
  .text              ro code  0x08002054     0x4  startup_stm32f407xx.o [1]
  .text              ro code  0x08002058     0x4  startup_stm32f407xx.o [1]
  .text              ro code  0x0800205c     0x4  startup_stm32f407xx.o [1]
  .text              ro code  0x08002060     0x4  startup_stm32f407xx.o [1]
  .text              ro code  0x08002064     0x4  startup_stm32f407xx.o [1]
  .text              ro code  0x08002068     0x4  startup_stm32f407xx.o [1]
  .text              ro code  0x0800206c     0x4  startup_stm32f407xx.o [1]
  .text              ro code  0x08002070     0x4  startup_stm32f407xx.o [1]
  .text              ro code  0x08002074     0x4  startup_stm32f407xx.o [1]
  .text              ro code  0x08002078     0x4  startup_stm32f407xx.o [1]
  .text              ro code  0x0800207c     0x4  startup_stm32f407xx.o [1]
  .text              ro code  0x08002080     0x4  startup_stm32f407xx.o [1]
  .text              ro code  0x08002084     0x4  startup_stm32f407xx.o [1]
  .text              ro code  0x08002088     0x4  startup_stm32f407xx.o [1]
  .text              ro code  0x0800208c     0x4  startup_stm32f407xx.o [1]
  .text              ro code  0x08002090     0x4  startup_stm32f407xx.o [1]
  .text              ro code  0x08002094     0x4  startup_stm32f407xx.o [1]
  .text              ro code  0x08002098     0x4  startup_stm32f407xx.o [1]
  .text              ro code  0x0800209c     0x4  startup_stm32f407xx.o [1]
  .text              ro code  0x080020a0     0x4  startup_stm32f407xx.o [1]
  .text              ro code  0x080020a4     0x4  startup_stm32f407xx.o [1]
  .text              ro code  0x080020a8     0x4  startup_stm32f407xx.o [1]
  .text              ro code  0x080020ac     0x4  startup_stm32f407xx.o [1]
  .text              ro code  0x080020b0     0x4  startup_stm32f407xx.o [1]
  .text              ro code  0x080020b4     0x4  startup_stm32f407xx.o [1]
  .rodata            const    0x080020b8     0x0  zero_init3.o [5]
  .rodata            const    0x080020b8     0x0  copy_init3.o [5]
                            - 0x080020b8  0x1f30

"P2", part 1 of 3:                           0xc
  P2-1                        0x20000000     0xc  <Init block>
    .data            inited   0x20000000     0x8  main.o [1]
    .data            inited   0x20000008     0x4  system_stm32f4xx.o [1]
                            - 0x2000000c     0xc

"P2", part 2 of 3:                         0x600
  CSTACK                      0x20000010   0x600  <Block>
    CSTACK           uninit   0x20000010   0x600  <Block tail>
                            - 0x20000610   0x600

"P2", part 3 of 3:                         0x148
  .bss               zero     0x20000610    0x60  adc.o [1]
  .bss               zero     0x20000670    0x60  tim.o [1]
  .bss               zero     0x200006d0    0x48  adc.o [1]
  .bss               zero     0x20000718    0x3c  tim.o [1]
  .bss               zero     0x20000754     0x4  stm32f4xx_hal.o [1]
                            - 0x20000758   0x148


*******************************************************************************
*** INIT TABLE
***

          Address     Size
          -------     ----
Zero (__iar_zero_init3)
    1 destination range, total size 0x148:
          0x20000610  0x148

Copy (__iar_copy_init3)
    1 source range, total size 0xc:
          0x08001f54    0xc
    1 destination range, total size 0xc:
          0x20000000    0xc



*******************************************************************************
*** MODULE SUMMARY
***

    Module                  ro code  ro data  rw data
    ------                  -------  -------  -------
D:\WORK\stm32work\BrewStar\EWARM\BrewStar\Obj: [1]
    adc.o                       348               168
    dma.o                        68
    gpio.o                      334
    main.o                      326        8        8
    startup_stm32f407xx.o       752
    stm32f4xx_hal.o             144                 4
    stm32f4xx_hal_adc.o       1 070
    stm32f4xx_hal_cortex.o      226
    stm32f4xx_hal_dma.o         876
    stm32f4xx_hal_gpio.o        518
    stm32f4xx_hal_msp.o          96
    stm32f4xx_hal_rcc.o       1 036
    stm32f4xx_hal_tim.o       1 228
    stm32f4xx_hal_tim_ex.o      168
    stm32f4xx_it.o               40
    system_stm32f4xx.o           96        4        4
    tim.o                       484               156
    -------------------------------------------------
    Total:                    7 810       12      340

command line: [2]
    -------------------------------------------------
    Total:

dl7M_tlf.a: [3]
    exit.o                        4
    low_level_init.o              4
    -------------------------------------------------
    Total:                        8

m7M_tls.a: [4]
    fpinit_M.o                   34
    -------------------------------------------------
    Total:                       34

rt7M_tl.a: [5]
    I64DivMod.o                 238
    I64DivZer.o                   2
    cexit.o                      10
    cmain.o                      26
    copy_init3.o                 44
    cstartup_M.o                 12
    data_init.o                  40
    zero_init3.o                 64
    -------------------------------------------------
    Total:                      436

shb_l.a: [6]
    exit.o                       20
    -------------------------------------------------
    Total:                       20

    Gaps                         18        2
    Linker created                        36    1 536
-----------------------------------------------------
    Grand Total:              8 326       50    1 876


*******************************************************************************
*** ENTRY LIST
***

Entry                      Address   Size  Type      Object
-----                      -------   ----  ----      ------
.iar.init_table$$Base   0x08001ed0          --   Gb  - Linker created -
.iar.init_table$$Limit  0x08001ef4          --   Gb  - Linker created -
?main                   0x08001ef5         Code  Gb  cmain.o [5]
ADC_DMAConvCplt         0x080016c5   0x62  Code  Lc  stm32f4xx_hal_adc.o [1]
ADC_DMAError            0x08001735   0x16  Code  Lc  stm32f4xx_hal_adc.o [1]
ADC_DMAHalfConvCplt     0x08001729    0xa  Code  Lc  stm32f4xx_hal_adc.o [1]
ADC_Init                0x080015bd   0xe8  Code  Lc  stm32f4xx_hal_adc.o [1]
AHBPrescTable           0x08001de0   0x10  Data  Gb  system_stm32f4xx.o [1]
CSTACK$$Base            0x20000010          --   Gb  - Linker created -
CSTACK$$Limit           0x20000610          --   Gb  - Linker created -
DMA2_Stream1_IRQHandler
                        0x08001e71    0x6  Code  Gb  stm32f4xx_it.o [1]
DMA2_Stream4_IRQHandler
                        0x08001e77    0x6  Code  Gb  stm32f4xx_it.o [1]
DMA_CalcBaseAndBitshift
                        0x08000f6f   0x24  Code  Lc  stm32f4xx_hal_dma.o [1]
DMA_SetConfig           0x08000f51   0x1e  Code  Lc  stm32f4xx_hal_dma.o [1]
EXTI0_IRQHandler        0x08001e6b    0x6  Code  Gb  stm32f4xx_it.o [1]
HAL_ADC_ConfigChannel   0x08001493  0x104  Code  Gb  stm32f4xx_hal_adc.o [1]
HAL_ADC_ConvCpltCallback
                        0x0800148d    0x2  Code  Wk  stm32f4xx_hal_adc.o [1]
HAL_ADC_ConvHalfCpltCallback
                        0x0800148f    0x2  Code  Wk  stm32f4xx_hal_adc.o [1]
HAL_ADC_ErrorCallback   0x08001491    0x2  Code  Wk  stm32f4xx_hal_adc.o [1]
HAL_ADC_Init            0x0800131d   0x50  Code  Gb  stm32f4xx_hal_adc.o [1]
HAL_ADC_MspInit         0x08001253   0x84  Code  Gb  adc.o [1]
HAL_ADC_Start_DMA       0x08001397   0xf6  Code  Gb  stm32f4xx_hal_adc.o [1]
HAL_DMA_IRQHandler      0x08000d93  0x192  Code  Gb  stm32f4xx_hal_dma.o [1]
HAL_DMA_Init            0x08000c31   0xe6  Code  Gb  stm32f4xx_hal_dma.o [1]
HAL_DMA_Start_IT        0x08000d17   0x64  Code  Gb  stm32f4xx_hal_dma.o [1]
HAL_Delay               0x08001001   0x1e  Code  Wk  stm32f4xx_hal.o [1]
HAL_GPIO_EXTI_Callback  0x08000c2d    0x2  Code  Wk  stm32f4xx_hal_gpio.o [1]
HAL_GPIO_EXTI_IRQHandler
                        0x08000be7   0x14  Code  Gb  stm32f4xx_hal_gpio.o [1]
HAL_GPIO_Init           0x08000a29  0x1b6  Code  Gb  stm32f4xx_hal_gpio.o [1]
HAL_GPIO_WritePin       0x08000bdf    0x8  Code  Gb  stm32f4xx_hal_gpio.o [1]
HAL_GetTick             0x08000ffb    0x6  Code  Wk  stm32f4xx_hal.o [1]
HAL_IncTick             0x08000ff1    0xa  Code  Wk  stm32f4xx_hal.o [1]
HAL_Init                0x08000f9d   0x30  Code  Gb  stm32f4xx_hal.o [1]
HAL_InitTick            0x08000fcd   0x24  Code  Wk  stm32f4xx_hal.o [1]
HAL_MspInit             0x08001c3b   0x60  Code  Gb  stm32f4xx_hal_msp.o [1]
HAL_NVIC_EnableIRQ      0x08001bc7    0xc  Code  Gb  stm32f4xx_hal_cortex.o [1]
HAL_NVIC_SetPriority    0x08001b8d   0x3a  Code  Gb  stm32f4xx_hal_cortex.o [1]
HAL_NVIC_SetPriorityGrouping
                        0x08001b73   0x1a  Code  Gb  stm32f4xx_hal_cortex.o [1]
HAL_RCC_ClockConfig     0x080019d9   0xfa  Code  Gb  stm32f4xx_hal_rcc.o [1]
HAL_RCC_GetHCLKFreq     0x08001b2b    0x6  Code  Gb  stm32f4xx_hal_rcc.o [1]
HAL_RCC_GetSysClockFreq
                        0x08001adf   0x4c  Code  Wk  stm32f4xx_hal_rcc.o [1]
HAL_RCC_OscConfig       0x0800174d  0x284  Code  Wk  stm32f4xx_hal_rcc.o [1]
HAL_SYSTICK_CLKSourceConfig
                        0x08001c03   0x14  Code  Gb  stm32f4xx_hal_cortex.o [1]
HAL_SYSTICK_Callback    0x08001c39    0x2  Code  Wk  stm32f4xx_hal_cortex.o [1]
HAL_SYSTICK_Config      0x08001bdb   0x28  Code  Gb  stm32f4xx_hal_cortex.o [1]
HAL_SYSTICK_IRQHandler  0x08001c31    0x8  Code  Gb  stm32f4xx_hal_cortex.o [1]
HAL_TIMEx_ConfigBreakDeadTime
                        0x0800088f   0x52  Code  Gb  stm32f4xx_hal_tim_ex.o [1]
HAL_TIMEx_MasterConfigSynchronization
                        0x08000845   0x4a  Code  Gb  stm32f4xx_hal_tim_ex.o [1]
HAL_TIM_Base_Init       0x08000189   0x1a  Code  Gb  stm32f4xx_hal_tim.o [1]
HAL_TIM_Base_MspInit    0x0800073b   0x8e  Code  Gb  tim.o [1]
HAL_TIM_MspPostInit     0x080007c9   0x30  Code  Gb  tim.o [1]
HAL_TIM_OnePulse_Init   0x08000219   0x42  Code  Gb  stm32f4xx_hal_tim.o [1]
HAL_TIM_OnePulse_MspInit
                        0x0800025b    0x2  Code  Wk  stm32f4xx_hal_tim.o [1]
HAL_TIM_PWM_ConfigChannel
                        0x08000261   0xb8  Code  Gb  stm32f4xx_hal_tim.o [1]
HAL_TIM_PWM_Init        0x080001cd   0x1a  Code  Gb  stm32f4xx_hal_tim.o [1]
HAL_TIM_PWM_MspInit     0x080001ef    0x2  Code  Wk  stm32f4xx_hal_tim.o [1]
HAL_TIM_PWM_Start       0x080001f1   0x14  Code  Gb  stm32f4xx_hal_tim.o [1]
HAL_TIM_SlaveConfigSynchronization
                        0x08000339   0x1a  Code  Gb  stm32f4xx_hal_tim.o [1]
MX_ADC1_Init            0x080011c1   0x80  Code  Gb  adc.o [1]
MX_DMA_Init             0x0800117d   0x44  Code  Gb  dma.o [1]
MX_GPIO_Init            0x0800102d  0x116  Code  Gb  gpio.o [1]
MX_TIM1_Init            0x08000655   0xe0  Code  Gb  tim.o [1]
NVIC_SetPriority        0x08001b59   0x1a  Code  Lc  stm32f4xx_hal_cortex.o [1]
Region$$Table$$Base     0x08001ed0          --   Gb  - Linker created -
Region$$Table$$Limit    0x08001ef4          --   Gb  - Linker created -
SysTick_Handler         0x08001e5d    0xe  Code  Gb  stm32f4xx_it.o [1]
SystemClock_Config      0x08000961   0xac  Code  Gb  main.o [1]
SystemCoreClock         0x20000008    0x4  Data  Gb  system_stm32f4xx.o [1]
SystemInit              0x08001d91   0x3a  Code  Gb  system_stm32f4xx.o [1]
TIM_Base_SetConfig      0x08000381   0x90  Code  Gb  stm32f4xx_hal_tim.o [1]
TIM_CCxChannelCmd       0x08000465   0x18  Code  Gb  stm32f4xx_hal_tim.o [1]
TIM_ETR_SetConfig       0x08000641   0x14  Code  Lc  stm32f4xx_hal_tim.o [1]
TIM_OC1_SetConfig       0x0800047d   0x4a  Code  Lc  stm32f4xx_hal_tim.o [1]
TIM_OC2_SetConfig       0x08000413   0x52  Code  Gb  stm32f4xx_hal_tim.o [1]
TIM_OC3_SetConfig       0x080004d3   0x56  Code  Lc  stm32f4xx_hal_tim.o [1]
TIM_OC4_SetConfig       0x0800052f   0x46  Code  Lc  stm32f4xx_hal_tim.o [1]
TIM_SlaveTimer_SetConfig
                        0x080005a1   0x5a  Code  Lc  stm32f4xx_hal_tim.o [1]
TIM_TI1_ConfigInputStage
                        0x080005fb   0x22  Code  Lc  stm32f4xx_hal_tim.o [1]
TIM_TI2_ConfigInputStage
                        0x0800061d   0x24  Code  Lc  stm32f4xx_hal_tim.o [1]
_Error_Handler          0x08000a25    0x2  Code  Gb  main.o [1]
__aeabi_ldiv0           0x08001d8d         Code  Gb  I64DivZer.o [5]
__aeabi_uldivmod        0x08001c9d         Code  Gb  I64DivMod.o [5]
__cmain                 0x08001ef5         Code  Gb  cmain.o [5]
__exit                  0x08001f25   0x14  Code  Gb  exit.o [6]
__iar_copy_init3        0x08001e31   0x2c  Code  Gb  copy_init3.o [5]
__iar_data_init3        0x08001e85   0x28  Code  Gb  data_init.o [5]
__iar_init_vfp          0x08001ead         Code  Gb  fpinit_M.o [4]
__iar_program_start     0x08001f49         Code  Gb  cstartup_M.o [5]
__iar_zero_init3        0x08001df1   0x40  Code  Gb  zero_init3.o [5]
__low_level_init        0x08001f0f    0x4  Code  Gb  low_level_init.o [3]
__vector_table          0x08000000         Data  Gb  startup_stm32f407xx.o [1]
_call_main              0x08001f01         Code  Gb  cmain.o [5]
_exit                   0x08001f19         Code  Gb  cexit.o [5]
_main                   0x08001f0b         Code  Gb  cmain.o [5]
adc_read                0x20000000    0x8  Data  Gb  main.o [1]
exit                    0x08001f13    0x4  Code  Gb  exit.o [3]
hadc1                   0x200006d0   0x48  Data  Gb  adc.o [1]
hdma_adc1               0x20000610   0x60  Data  Gb  adc.o [1]
hdma_tim1_ch1           0x20000670   0x60  Data  Gb  tim.o [1]
htim1                   0x20000718   0x3c  Data  Gb  tim.o [1]
main                    0x080008e1   0x76  Code  Gb  main.o [1]
uwTick                  0x20000754    0x4  Data  Gb  stm32f4xx_hal.o [1]


[1] = D:\WORK\stm32work\BrewStar\EWARM\BrewStar\Obj
[2] = command line
[3] = dl7M_tlf.a
[4] = m7M_tls.a
[5] = rt7M_tl.a
[6] = shb_l.a

  8 326 bytes of readonly  code memory
     50 bytes of readonly  data memory
  1 876 bytes of readwrite data memory

Errors: none
Warnings: none
